
> unideal@0.1.0 build
> next build

Γû▓ Next.js 16.2.1 (Turbopack)
- Environments: .env.local

  Creating an optimized production build ...
Γ£ô Compiled successfully in 1943ms
  Running TypeScript ...
node.exe : Failed to type check.
At C:\nvm4w\nodejs\npm.ps1:29 char:3
+   & $NODE_EXE $NPM_CLI_JS $args
+   ~~~~~~~~~~~~~~~~~~~~~~~~~~~~~
    + CategoryInfo          : NotSpe 
   cified: (Failed to type check.:S  
  tring) [], RemoteException
    + FullyQualifiedErrorId : Native 
   CommandError
 

./src/lib/db/models/Category.ts:30:3
Type error: This expression is not 
callable.
  Type 'SaveOptions' has no call 
signatures.

  [90m28 |[0m     
[36mthis[0m.slug = [36mthis[0m.na
me.toLowerCase().replace([35m/\s+/g
[0m, [32m'-'[0m).replace([35m/[^a-
z0-9-]/g[0m, [32m''[0m)
  [90m29 |[0m   }
[31m[1m>[0m [90m30 |[0m   next()
  [90m   |[0m   [31m[1m^[0m
  [90m31 |[0m })
  [90m32 |[0m
  [90m33 |[0m [36mconst[0m 
[33mCategory[0m: 
[33mModel[0m<[33mICategory[0m> =
Next.js build worker exited with 
code: 1 and signal: null
